../Drivers/AX5243/ax5243.c:9:19:AX_Radio_RW_Short_Address	40	static
../Drivers/AX5243/ax5243.c:29:19:AX_Radio_RW_Long_Address	40	static
../Drivers/AX5243/ax5243.c:55:9:radio_write8	32	static
../Drivers/AX5243/ax5243.c:66:9:radio_read8	32	static
../Drivers/AX5243/ax5243.c:91:9:AX_Radio_Get_Pwrmode	16	static
../Drivers/AX5243/ax5243.c:96:9:AX_Radio_Get_Pwrmode_Upper	16	static
../Drivers/AX5243/ax5243.c:101:9:AX_Radio_Set_Registers_TXCW	32	static
../Drivers/AX5243/ax5243.c:164:9:AX_Radio_Data_Transmission_Setup	24	static
../Drivers/AX5243/ax5243.c:193:9:AX_Radio_Data_Reception_Setup	24	static
../Drivers/AX5243/ax5243.c:222:9:AX_Radio_27_MHz_Settings	24	static
../Drivers/AX5243/ax5243.c:235:9:AX_Radio_169_MHz_Settings	24	static
../Drivers/AX5243/ax5243.c:249:9:AX_Radio_915_MHz_Settings	24	static
../Drivers/AX5243/ax5243.c:262:9:AX_Radio_Set_Center_Frequency	16	static
../Drivers/AX5243/ax5243.c:292:9:AX_Radio_Set_Frequency_Deviation	24	static
../Drivers/AX5243/ax5243.c:301:9:AX_Radio_Set_Data_Rate	48	static
../Drivers/AX5243/ax5243.c:335:9:AX_Radio_FIFO_Routine	1600	static
